../Core/Src/main.c:102:5:main	8	static
../Core/Src/main.c:200:6:SystemClock_Config	88	static
../Core/Src/main.c:244:13:MX_ADC1_Init	8	static
../Core/Src/main.c:283:13:MX_USART2_UART_Init	8	static
../Core/Src/main.c:314:13:MX_GPIO_Init	48	static
../Core/Src/main.c:379:6:StartSensorTask	48	static
../Core/Src/main.c:468:6:StartControlTask	48	static
../Core/Src/main.c:597:6:StartDebugTask	88	static
../Core/Src/main.c:640:6:HAL_TIM_PeriodElapsedCallback	16	static
../Core/Src/main.c:656:6:Error_Handler	4	static,ignoring_inline_asm
